1 2
4 3
5 4
6 3
3 5
7 4
6 4
6 4
2 4
0 2
0 5
4 2
2 4
4 2
2 3
1 3
4 3
5 2
1 4
2 2
