12 48 53 
12 42 50 
16 23 66 
6 23 50 
19 46 54 
7 60 73 
-1
21 60 69 
16 37 56 
28 44 66 
13 19 34 
5 62 65 
9 50 57 
-1
8 13 68 
31 50 57 
26 42 57 
8 26 66 
23 47 74 
13 41 60 
-1
20 37 68 
30 44 51 
3 47 59 
18 26 72 
5 9 36 
3 36 83 
-1
3 16 34 
16 39 48 
26 62 73 
21 27 53 
10 26 29 
4 49 62 
-1
30 42 46 
7 31 61 
28 63 86 
18 56 69 
1 15 36 
14 48 61 
-1
5 58 71 
5 61 80 
10 14 56 
24 33 45 
6 39 43 
2 35 40 
22 42 72 
26 34 64 
14 16 61 
7 33 64 
28 35 49 
13 35 65 
29 57 78 
-1
8 63 82 
15 53 66 
26 43 80 
17 53 77 
13 32 51 
18 48 56 
-1
12 32 84 
31 56 68 
19 48 66 
22 55 76 
26 45 57 
11 40 43 
-1
15 44 57 
20 56 60 
13 25 66 
29 52 86 
10 18 27 
29 45 49 
-1
26 32 69 
2 12 80 
9 63 72 
24 49 68 
5 20 87 
20 46 52 
-1
19 53 63 
2 32 57 
31 42 46 
17 28 69 
16 62 69 
12 25 42 
31 56 78 
25 45 80 
32 63 77 
24 36 48 
11 39 41 
18 56 82 
27 46 55 
28 54 75 
1 22 38 
13 18 62 
