9 55 61 
20 50 72 
10 62 65 
21 62 68 
3 9 29 
27 38 50 
-1
2 5 22 
3 29 86 
17 63 70 
2 40 53 
22 53 58 
2 13 42 
-1
25 50 80 
1 59 84 
11 21 46 
17 35 59 
5 48 79 
16 23 29 
-1
4 33 40 
10 43 44 
7 55 81 
2 20 57 
12 13 51 
28 59 67 
24 47 73 
10 57 61 
13 34 64 
29 53 84 
10 11 25 
27 63 66 
23 47 60 
26 48 76 
19 45 53 
4 29 41 
15 33 40 
23 59 82 
24 42 53 
23 55 80 
-1
25 62 75 
9 25 43 
29 40 83 
9 61 82 
28 45 76 
13 44 48 
-1
31 32 49 
22 58 61 
29 56 59 
28 64 72 
15 35 64 
11 35 37 
-1
31 45 59 
5 55 63 
5 24 60 
11 42 44 
27 31 65 
29 58 85 
-1
28 43 62 
18 29 72 
19 23 51 
23 35 56 
11 60 85 
29 64 67 
-1
18 38 68 
30 37 64 
20 60 81 
26 48 84 
18 26 85 
21 61 85 
-1
24 53 56 
19 48 86 
23 51 62 
10 40 51 
9 23 42 
19 27 28 
-1
18 58 66 
1 27 35 
28 37 43 
14 45 71 
12 40 79 
7 15 26 
-1
28 40 61 
9 39 78 
17 46 60 
17 43 76 
8 57 62 
9 35 87 
27 54 75 
20 50 62 
3 48 79 
