13 16 38 
9 32 42 
8 34 53 
11 27 55 
31 38 63 
29 37 74 
-1
9 40 82 
18 57 74 
28 53 75 
10 46 74 
19 62 81 
9 31 60 
27 58 83 
17 57 82 
7 20 53 
6 61 74 
11 49 81 
27 34 81 
14 50 64 
-1
35 59 62 
26 53 57 
30 37 83 
17 24 71 
9 43 66 
22 50 73 
-1
8 13 73 
15 26 59 
28 50 53 
19 64 85 
14 24 78 
25 53 59 
-1
20 28 59 
12 44 52 
5 47 73 
18 64 78 
2 26 74 
21 48 73 
-1
12 39 43 
16 24 73 
27 59 66 
24 49 59 
15 50 53 
5 38 73 
-1
16 37 46 
20 39 57 
4 56 76 
8 35 42 
13 28 49 
25 63 67 
-1
8 12 49 
6 55 69 
21 43 61 
26 40 54 
3 18 20 
3 32 62 
-1
9 41 49 
6 10 25 
21 45 56 
19 36 58 
4 53 80 
7 56 63 
-1
28 34 36 
21 29 40 
4 29 56 
3 37 79 
17 47 62 
1 19 35 
35 54 77 
22 23 79 
16 32 66 
1 37 63 
11 30 51 
26 63 86 
24 64 82 
-1
22 53 77 
13 30 81 
22 27 49 
2 13 44 
5 34 66 
10 46 83 
-1
20 23 75 
25 54 62 
14 53 73 
19 27 38 
18 45 53 
17 56 86 
-1
12 21 36 
9 57 77 
