29 31 69 
27 28 40 
3 4 55 
18 52 61 
27 64 85 
21 33 62 
-1
17 60 85 
4 5 44 
26 59 65 
4 45 83 
19 29 84 
25 42 63 
25 58 83 
8 27 38 
4 12 44 
2 26 64 
10 17 72 
23 65 82 
29 57 69 
21 58 80 
8 11 23 
17 55 60 
8 52 69 
6 9 32 
9 21 74 
18 58 72 
-1
27 43 50 
9 40 43 
19 63 68 
25 42 64 
23 55 84 
11 42 67 
-1
8 62 78 
25 46 55 
8 12 84 
18 24 41 
16 23 73 
31 47 72 
22 51 72 
22 24 66 
17 51 83 
31 35 51 
27 47 84 
7 39 44 
23 26 70 
-1
15 39 42 
16 34 36 
29 62 74 
7 53 55 
21 27 40 
31 64 75 
28 63 87 
11 44 63 
13 35 44 
25 51 81 
27 55 72 
19 21 37 
2 14 48 
-1
25 59 71 
15 50 57 
3 63 82 
32 49 84 
1 27 86 
22 23 24 
-1
2 34 59 
30 62 69 
25 44 79 
23 60 83 
8 38 45 
4 30 69 
32 58 78 
17 38 86 
22 51 78 
8 37 45 
18 46 60 
31 55 66 
7 56 68 
-1
5 18 45 
20 58 85 
5 26 56 
2 10 47 
29 61 69 
17 45 68 
-1
24 54 71 
12 25 48 
4 23 52 
17 50 74 
9 31 86 
17 21 84 
30 54 76 
21 60 61 
26 63 72 
