21 60 83 
20 34 65 
24 56 74 
17 44 69 
8 50 82 
27 56 60 
17 49 78 
30 58 71 
23 53 61 
22 39 81 
16 22 57 
9 30 44 
16 20 43 
22 53 80 
13 32 54 
16 63 67 
13 22 74 
19 50 53 
16 20 28 
26 30 60 
-1
4 19 31 
25 45 86 
11 52 69 
6 9 33 
23 59 86 
8 19 31 
35 55 81 
24 62 79 
1 20 51 
24 57 65 
19 33 46 
10 43 46 
5 38 45 
23 47 78 
28 50 86 
6 37 57 
13 16 37 
15 48 55 
5 38 68 
19 38 72 
25 46 72 
23 26 41 
28 38 86 
22 59 82 
11 56 75 
22 41 63 
10 49 83 
23 47 73 
13 22 42 
2 29 86 
25 45 57 
27 63 72 
5 24 41 
17 38 72 
-1
31 57 64 
16 54 60 
25 54 74 
27 51 76 
25 48 84 
30 44 67 
-1
13 50 70 
15 38 55 
7 34 68 
25 44 66 
11 26 53 
7 34 63 
-1
6 45 84 
13 28 86 
12 31 48 
29 54 81 
28 51 61 
23 57 72 
-1
7 31 73 
4 59 72 
20 42 52 
15 43 64 
25 44 75 
12 18 22 
24 47 78 
8 63 83 
9 40 55 
8 33 36 
17 38 46 
17 29 33 
20 45 85 
-1
16 45 52 
29 55 62 
15 62 66 
17 57 85 
2 4 83 
18 31 33 
-1
3 52 58 
17 42 77 
